Microchip MPLAB XC8 Compiler V1.45 ()

Linker command line:

-W-3 --edf=/opt/microchip/xc8/v1.45/dat/en_msgs.txt -cs \
  -h+dist/default/production/car_receive.X.production.sym \
  --cmf=dist/default/production/car_receive.X.production.cmf -z -Q18F14K50 \
  -o/tmp/xcXOchZec -Mdist/default/production/car_receive.X.production.map \
  -E1 -ver=XC8 -ASTACK=066h-02ffh -pstack=STACK -ACODE=00h-03FFFh \
  -ACONST=00h-03FFFh -ASMALLCONST=0300h-03FFhx61 -AMEDIUMCONST=0300h-03FFFh \
  -ACOMRAM=01h-05Fh -AABS1=00h-02FFh -ABIGRAM=01h-02FFh \
  -ARAM=060h-0FFh,0100h-01FFhx2 -ABANK0=060h-0FFh -ABANK1=0100h-01FFh \
  -ABANK2=0200h-02FFh -ASFR=0F53h-0F5Fh,0F60h-0FFFh \
  -preset_vec=00h,intcode=08h,intcodelo,powerup,init -pramtop=0300h \
  -psmallconst=SMALLCONST -pmediumconst=MEDIUMCONST -pconst=CONST \
  -AFARRAM=00h-00h -ACONFIG=0300000h-030000Dh -pconfig=CONFIG \
  -AIDLOC=0200000h-0200007h -pidloc=IDLOC -AEEDATA=0F00000h-0F000FFh \
  -peeprom_data=EEDATA \
  -prdata=COMRAM,nvrram=COMRAM,nvbit=COMRAM,rbss=COMRAM,rbit=COMRAM \
  -pfarbss=FARRAM,fardata=FARRAM,nvFARRAM=FARRAM \
  -pintsave_regs=BIGRAM,bigbss=BIGRAM,bigdata=BIGRAM -pbss=RAM \
  -pidata=CODE,irdata=CODE,ibigdata=CODE,ifardata=CODE -prparam=COMRAM \
  /tmp/xcXqzITUY.obj dist/default/production/car_receive.X.production.obj 

Object code version is 3.11

Machine type is 18F14K50

Call graph: (short form)




                Name                               Link     Load   Length Selector   Space Scale
/tmp/xcXqzITUY.obj
                init                                132      132        4        4       0
                reset_vec                             0        0        4        0       0
                idloc                            200000   200000        8   200000       0
                config                           300000   300000        E   300000       0
dist/default/production/car_receive.X.production.obj
                intcode                               8        8      12A        4       0
                temp                                 48       48        1        1       1
                smallconst                          300      300        A      180       0
                text9                               554      554       6E      185       0
                text8                               30A      30A       FC      185       0
                text7                               63A      63A       3A      185       0
                text6                               674      674       36      185       0
                text4                               5C2      5C2       3E      185       0
                text3                               406      406       DE      185       0
                text2                               6AA      6AA       16      185       0
                text1                               6D2      6D2       10      185       0
                text0                               4E4      4E4       70      185       0
                cstackCOMRAM                          1        1       1B        1       1
                cstackBANK0                          60       60        6       60       1
                dataCOMRAM                           34       34       12        1       1
                bssCOMRAM                            1C       1C       18        1       1
                cinit                               600      600       3A      185       0
                nvCOMRAM                             46       46        2        1       1
                idataCOMRAM                         6C0      6C0       12      185       0

TOTAL           Name                               Link     Load   Length     Space
        CLASS   STACK          

        CLASS   CODE           
                intcode                               8        8      12A         0
                init                                132      132        4         0
                reset_vec                             0        0        4         0
                text9                               554      554       6E         0
                text8                               30A      30A       FC         0
                text7                               63A      63A       3A         0
                text6                               674      674       36         0
                text4                               5C2      5C2       3E         0
                text3                               406      406       DE         0
                text2                               6AA      6AA       16         0
                text1                               6D2      6D2       10         0
                text0                               4E4      4E4       70         0
                cinit                               600      600       3A         0
                idataCOMRAM                         6C0      6C0       12         0

        CLASS   CONST          

        CLASS   SMALLCONST     
                smallconst                          300      300        A         0

        CLASS   MEDIUMCONST    

        CLASS   COMRAM         
                temp                                 48       48        1         1
                cstackCOMRAM                          1        1       1B         1
                dataCOMRAM                           34       34       12         1
                bssCOMRAM                            1C       1C       18         1
                nvCOMRAM                             46       46        2         1

        CLASS   ABS1           

        CLASS   BIGRAM         

        CLASS   RAM            

        CLASS   BANK0          
                cstackBANK0                          60       60        6         1

        CLASS   BANK1          

        CLASS   BANK2          

        CLASS   SFR            

        CLASS   FARRAM         

        CLASS   CONFIG         
                config                           300000   300000        E         0

        CLASS   IDLOC          
                idloc                            200000   200000        8         0

        CLASS   EEDATA         



SEGMENTS        Name                           Load    Length   Top    Selector   Space  Class

                reset_vec                      000000  000004  000004         0       0  CODE    
                cstackCOMRAM                   000001  000048  000049         1       1  COMRAM  
                intcode                        000008  00012E  000136         4       0  CODE    
                cstackBANK0                    000060  000006  000066        60       1  BANK0   
                smallconst                     000300  00000A  00030A       180       0  SMALLCON
                text8                          00030A  0003D8  0006E2       185       0  CODE    
                idloc                          200000  000008  200008    200000       0  IDLOC   
                config                         300000  00000E  30000E    300000       0  CONFIG  


UNUSED ADDRESS RANGES

        Name                Unused          Largest block    Delta
        BANK0            000066-0000FF               9A
        BANK1            000100-0001FF              100
        BANK2            000200-0002FF              100
        BIGRAM           000049-00005F               17
                         000066-0002FF              29A
        CODE             000004-000007                4
                         000136-0002FF              1CA
                         0006E2-003FFF             391E
        COMRAM           000049-00005F               17
        CONST            000004-000007                4
                         000136-0002FF              1CA
                         0006E2-003FFF             391E
        EEDATA           F00000-F000FF              100
        MEDIUMCONST      0006E2-003FFF             391E
        RAM              000066-0002FF              100
        SFR              000F53-000FFF                D
        SMALLCONST       0006E2-003FFF              100
        STACK            000066-0002FF              29A

                                  Symbol Table

_ANSEL                   (abs)        000F7E
_ANSELH                  (abs)        000F7F
_BAUDCON                 (abs)        000FB8
_INTCON                  (abs)        000FF2
_INTCONbits              (abs)        000FF2
_LATBbits                (abs)        000F8A
_LATCbits                (abs)        000F8B
_OSCCON                  (abs)        000FD3
_PACKET_KEY              smallconst   000301
_PIE1bits                (abs)        000F9D
_PIR1bits                (abs)        000F9E
_RCREG                   (abs)        000FAE
_RCSTA                   (abs)        000FAB
_SPBRG                   (abs)        000FAF
_T0CON                   (abs)        000FD5
_T1CON                   (abs)        000FCD
_TMR0                    (abs)        000FD6
_TMR1                    (abs)        000FCE
_TRISBbits               (abs)        000F93
_TRISCbits               (abs)        000F94
_TXREG                   (abs)        000FAD
_TXSTA                   (abs)        000FAC
__CFG_BOREN$SBORDIS      (abs)        000000
__CFG_BORV$22            (abs)        000000
__CFG_FOSC$IRC           (abs)        000000
__CFG_HFOFST$OFF         (abs)        000000
__CFG_LVP$OFF            (abs)        000000
__CFG_PLLEN$ON           (abs)        000000
__CFG_PWRTEN$OFF         (abs)        000000
__CFG_WDTEN$ON           (abs)        000000
__CFG_WDTPS$32768        (abs)        000000
__HRAM                   (abs)        000000
__Habs1                  abs1         000000
__Hbank0                 bank0        000000
__Hbank1                 bank1        000000
__Hbank2                 bank2        000000
__Hbigbss                bigbss       000000
__Hbigdata               bigdata      000000
__Hbigram                bigram       000000
__Hbss                   bss          000000
__HbssCOMRAM             bssCOMRAM    000000
__Hcinit                 cinit        000000
__Hclrtext               clrtext      000000
__Hcomram                comram       000000
__Hconfig                config       30000E
__Hconst                 const        000000
__HcstackBANK0           cstackBANK0  000000
__HcstackCOMRAM          cstackCOMRAM 000000
__Hdata                  data         000000
__HdataCOMRAM            dataCOMRAM   000000
__Heeprom_data           eeprom_data  000000
__Hfarbss                farbss       000000
__Hfardata               fardata      000000
__Hibigdata              ibigdata     000000
__Hidata                 idata        000000
__HidataCOMRAM           idataCOMRAM  000000
__Hidloc                 idloc        200008
__Hifardata              ifardata     000000
__Hinit                  init         000136
__Hintcode               intcode      000132
__Hintcode_body          intcode_body 000000
__Hintcodelo             intcodelo    000132
__Hintentry              intentry     000000
__Hintret                intret       000000
__Hintsave_regs          intsave_regs 000000
__Hirdata                irdata       000000
__Hmediumconst           mediumconst  000000
__HnvCOMRAM              nvCOMRAM     000000
__HnvFARRAM              nvFARRAM     000000
__Hnvbit                 nvbit        000000
__Hnvrram                nvrram       000000
__Hparam                 rparam       000000
__Hpowerup               powerup      000132
__Hram                   ram          000000
__Hramtop                ramtop       000300
__Hrbit                  rbit         000000
__Hrbss                  rbss         000000
__Hrdata                 rdata        000000
__Hreset_vec             reset_vec    000004
__Hrparam                rparam       000000
__Hsfr                   sfr          000000
__Hsmallconst            smallconst   00030A
__Hspace_0               (abs)        30000E
__Hspace_1               (abs)        000066
__Hspace_2               (abs)        000000
__Hstack                 stack        000000
__Hstruct                struct       000000
__Htemp                  temp         000049
__Htext                  text         000000
__Htext0                 text0        000000
__Htext1                 text1        000000
__Htext10                text10       000000
__Htext2                 text2        000000
__Htext3                 text3        000000
__Htext4                 text4        000000
__Htext6                 text6        000000
__Htext7                 text7        000000
__Htext8                 text8        000000
__Htext9                 text9        000000
__LRAM                   (abs)        000001
__Labs1                  abs1         000000
__Lbank0                 bank0        000000
__Lbank1                 bank1        000000
__Lbank2                 bank2        000000
__Lbigbss                bigbss       000000
__Lbigdata               bigdata      000000
__Lbigram                bigram       000000
__Lbss                   bss          000000
__LbssCOMRAM             bssCOMRAM    000000
__Lcinit                 cinit        000000
__Lclrtext               clrtext      000000
__Lcomram                comram       000000
__Lconfig                config       300000
__Lconst                 const        000000
__LcstackBANK0           cstackBANK0  000000
__LcstackCOMRAM          cstackCOMRAM 000000
__Ldata                  data         000000
__LdataCOMRAM            dataCOMRAM   000000
__Leeprom_data           eeprom_data  000000
__Lfarbss                farbss       000000
__Lfardata               fardata      000000
__Libigdata              ibigdata     000000
__Lidata                 idata        000000
__LidataCOMRAM           idataCOMRAM  000000
__Lidloc                 idloc        200000
__Lifardata              ifardata     000000
__Linit                  init         000132
__Lintcode               intcode      000008
__Lintcode_body          intcode_body 000000
__Lintcodelo             intcodelo    000132
__Lintentry              intentry     000000
__Lintret                intret       000000
__Lintsave_regs          intsave_regs 000000
__Lirdata                irdata       000000
__Lmediumconst           mediumconst  000000
__LnvCOMRAM              nvCOMRAM     000000
__LnvFARRAM              nvFARRAM     000000
__Lnvbit                 nvbit        000000
__Lnvrram                nvrram       000000
__Lparam                 rparam       000000
__Lpowerup               powerup      000132
__Lram                   ram          000000
__Lramtop                ramtop       000300
__Lrbit                  rbit         000000
__Lrbss                  rbss         000000
__Lrdata                 rdata        000000
__Lreset_vec             reset_vec    000000
__Lrparam                rparam       000000
__Lsfr                   sfr          000000
__Lsmallconst            smallconst   000300
__Lspace_0               (abs)        000000
__Lspace_1               (abs)        000000
__Lspace_2               (abs)        000000
__Lstack                 stack        000000
__Lstruct                struct       000000
__Ltemp                  temp         000048
__Ltext                  text         000000
__Ltext0                 text0        000000
__Ltext1                 text1        000000
__Ltext10                text10       000000
__Ltext2                 text2        000000
__Ltext3                 text3        000000
__Ltext4                 text4        000000
__Ltext6                 text6        000000
__Ltext7                 text7        000000
__Ltext8                 text8        000000
__Ltext9                 text9        000000
__S0                     (abs)        30000E
__S1                     (abs)        000066
__S2                     (abs)        000000
___inthi_sp              stack        000000
___intlo_sp              stack        000000
___param_bank            (abs)        000000
___rparam_used           (abs)        000001
___sp                    stack        000000
__accesstop              (abs)        000060
__activetblptr           (abs)        000002
__end_of_PACKET_KEY      smallconst   000309
__end_of__initialization cinit        00062C
__end_of_get_data        text8        000406
__end_of_get_key         text9        0005C2
__end_of_isr             intcode      000132
__end_of_main            text0        000554
__end_of_next_channel    text6        0006AA
__end_of_radio_on        text3        0004E4
__end_of_serial_on       text2        0006C0
__end_of_write_radio     text4        000600
__end_of_write_serial    text1        0006E2
__end_ofi2_write_radio   text7        000674
__initialization         cinit        000600
__mediumconst            mediumconst  000000
__pbssCOMRAM             bssCOMRAM    00001C
__pcinit                 cinit        000600
__pcstackBANK0           cstackBANK0  000060
__pcstackCOMRAM          cstackCOMRAM 000001
__pdataCOMRAM            dataCOMRAM   000034
__pidataCOMRAM           idataCOMRAM  0006C0
__pintcode               intcode      000008
__pnvCOMRAM              nvCOMRAM     000046
__psmallconst            smallconst   000300
__ptext0                 text0        0004E4
__ptext1                 text1        0006D2
__ptext10                text10       000000
__ptext2                 text2        0006AA
__ptext3                 text3        000406
__ptext4                 text4        0005C2
__ptext6                 text6        000674
__ptext7                 text7        00063A
__ptext8                 text8        00030A
__ptext9                 text9        000554
__ramtop                 ramtop       000300
__size_of_get_data       (abs)        000000
__size_of_get_key        (abs)        000000
__size_of_isr            (abs)        000000
__size_of_main           (abs)        000000
__size_of_next_channel   (abs)        000000
__size_of_radio_on       (abs)        000000
__size_of_serial_on      (abs)        000000
__size_of_write_radio    (abs)        000000
__size_of_write_serial   (abs)        000000
__size_ofi2_write_radio  (abs)        000000
__smallconst             smallconst   000300
_channels                dataCOMRAM   000034
_current_channel         bssCOMRAM    000032
_data_offset             bssCOMRAM    00002E
_flags                   bssCOMRAM    000033
_get_data                text8        00030A
_get_key                 text9        000554
_isr                     intcode      000008
_key_offset              bssCOMRAM    00002F
_main                    text0        0004E4
_missed_packets          bssCOMRAM    000031
_next_channel            text6        000674
_radio_on                text3        000406
_receive_state           nvCOMRAM     000046
_serial_data             bssCOMRAM    00001C
_serial_in               bssCOMRAM    000030
_serial_on               text2        0006AA
_start_time              bssCOMRAM    00002C
_tick                    bssCOMRAM    000028
_write_radio             text4        0005C2
_write_serial            text1        0006D2
btemp                    temp         000048
end_of_initialization    cinit        00062C
get_data@current_time    cstackCOMRAM 000006
get_data@failed          cstackCOMRAM 000008
get_data@i               cstackCOMRAM 000009
get_data@next_hop        cstackCOMRAM 000004
i2_write_radio           text7        00063A
i2write_radio@data       cstackCOMRAM 000001
i2write_radio@i          cstackCOMRAM 000004
int$flags                temp         000048
intlevel0                text         000000
intlevel1                text         000000
intlevel2                text         000000
intlevel3                text         000000
stackhi                  (abs)        0002FF
stacklo                  (abs)        000066
start                    init         000132
start_initialization     cinit        000600
write_radio@data         cstackBANK0  000060
write_radio@i            cstackBANK0  000063
write_serial@value       cstackBANK0  000060
wtemp6                   temp         000049


FUNCTION INFORMATION:

 *************** function _main *****************
 Defined at:
		line 408 in file "receiver.c"
 Parameters:    Size  Location     Type
		None
 Auto vars:     Size  Location     Type
		None
 Return value:  Size  Location     Type
                  1    wreg      void 
 Registers used:
		wreg, fsr2l, fsr2h, status,2, status,0, prodl, prodh, cstack
 Tracked objects:
		On entry : 
		On exit  : 
		Unchanged: 
 Data sizes:     COMRAM   BANK0   BANK1   BANK2
      Params:         0       0       0       0
      Locals:         0       0       0       0
      Temps:          0       0       0       0
      Totals:         0       0       0       0
Total ram usage:        0 bytes
 Hardware stack levels required when called:    5
 This function calls:
		_radio_on
		_serial_on
		_write_serial
 This function is called by:
		Startup code after reset
 This function uses a non-reentrant model


 *************** function _write_serial *****************
 Defined at:
		line 324 in file "receiver.c"
 Parameters:    Size  Location     Type
  value           1    wreg     unsigned char 
 Auto vars:     Size  Location     Type
  value           1    0[BANK0 ] unsigned char 
 Return value:  Size  Location     Type
                  1    wreg      void 
 Registers used:
		wreg
 Tracked objects:
		On entry : 
		On exit  : 
		Unchanged: 
 Data sizes:     COMRAM   BANK0   BANK1   BANK2
      Params:         0       0       0       0
      Locals:         0       1       0       0
      Temps:          0       0       0       0
      Totals:         0       1       0       0
Total ram usage:        1 bytes
 Hardware stack levels used:    1
 Hardware stack levels required when called:    3
 This function calls:
		Nothing
 This function is called by:
		_main
 This function uses a non-reentrant model


 *************** function _serial_on *****************
 Defined at:
		line 312 in file "receiver.c"
 Parameters:    Size  Location     Type
		None
 Auto vars:     Size  Location     Type
		None
 Return value:  Size  Location     Type
                  1    wreg      void 
 Registers used:
		wreg, status,2
 Tracked objects:
		On entry : 
		On exit  : 
		Unchanged: 
 Data sizes:     COMRAM   BANK0   BANK1   BANK2
      Params:         0       0       0       0
      Locals:         0       0       0       0
      Temps:          0       0       0       0
      Totals:         0       0       0       0
Total ram usage:        0 bytes
 Hardware stack levels used:    1
 Hardware stack levels required when called:    3
 This function calls:
		Nothing
 This function is called by:
		_main
 This function uses a non-reentrant model


 *************** function _radio_on *****************
 Defined at:
		line 248 in file "receiver.c"
 Parameters:    Size  Location     Type
		None
 Auto vars:     Size  Location     Type
		None
 Return value:  Size  Location     Type
                  1    wreg      void 
 Registers used:
		wreg, fsr2l, fsr2h, status,2, status,0, prodl, prodh, cstack
 Tracked objects:
		On entry : 
		On exit  : 
		Unchanged: 
 Data sizes:     COMRAM   BANK0   BANK1   BANK2
      Params:         0       0       0       0
      Locals:         0       0       0       0
      Temps:          0       2       0       0
      Totals:         0       2       0       0
Total ram usage:        2 bytes
 Hardware stack levels used:    1
 Hardware stack levels required when called:    4
 This function calls:
		_write_radio
 This function is called by:
		_main
 This function uses a non-reentrant model


 *************** function _write_radio *****************
 Defined at:
		line 232 in file "receiver.c"
 Parameters:    Size  Location     Type
  data            2    0[BANK0 ] unsigned int 
 Auto vars:     Size  Location     Type
  i               1    3[BANK0 ] unsigned char 
 Return value:  Size  Location     Type
                  1    wreg      void 
 Registers used:
		wreg, status,2, status,0
 Tracked objects:
		On entry : 
		On exit  : 
		Unchanged: 
 Data sizes:     COMRAM   BANK0   BANK1   BANK2
      Params:         0       2       0       0
      Locals:         0       1       0       0
      Temps:          0       1       0       0
      Totals:         0       4       0       0
Total ram usage:        4 bytes
 Hardware stack levels used:    1
 Hardware stack levels required when called:    3
 This function calls:
		Nothing
 This function is called by:
		_radio_on
 This function uses a non-reentrant model


 *************** function _isr *****************
 Defined at:
		line 451 in file "receiver.c"
 Parameters:    Size  Location     Type
		None
 Auto vars:     Size  Location     Type
		None
 Return value:  Size  Location     Type
                  1    wreg      void 
 Registers used:
		wreg, fsr2l, fsr2h, status,2, status,0, pclath, tosl, tblptrl, tblptrh, tblptru, prodl, prodh, cstack
 Tracked objects:
		On entry : 
		On exit  : 
		Unchanged: 
 Data sizes:     COMRAM   BANK0   BANK1   BANK2
      Params:         0       0       0       0
      Locals:         0       0       0       0
      Temps:         18       0       0       0
      Totals:        18       0       0       0
Total ram usage:       18 bytes
 Hardware stack levels used:    1
 Hardware stack levels required when called:    2
 This function calls:
		Absolute function
		_get_data
		_get_key
		_next_channel
 This function is called by:
		Interrupt level 2
 This function uses a non-reentrant model


 *************** function _next_channel *****************
 Defined at:
		line 302 in file "receiver.c"
 Parameters:    Size  Location     Type
		None
 Auto vars:     Size  Location     Type
		None
 Return value:  Size  Location     Type
                  1    wreg      void 
 Registers used:
		wreg, fsr2l, fsr2h, status,2, status,0, prodl, prodh, cstack
 Tracked objects:
		On entry : 
		On exit  : 
		Unchanged: 
 Data sizes:     COMRAM   BANK0   BANK1   BANK2
      Params:         0       0       0       0
      Locals:         0       0       0       0
      Temps:          2       0       0       0
      Totals:         2       0       0       0
Total ram usage:        2 bytes
 Hardware stack levels used:    1
 Hardware stack levels required when called:    1
 This function calls:
		i2_write_radio
 This function is called by:
		_isr
 This function uses a non-reentrant model


 *************** function i2_write_radio *****************
 Defined at:
		line 232 in file "receiver.c"
 Parameters:    Size  Location     Type
  data            2    0[COMRAM] unsigned int 
 Auto vars:     Size  Location     Type
  write_radio     1    3[COMRAM] unsigned char 
 Return value:  Size  Location     Type
                  1    wreg      void 
 Registers used:
		wreg, status,2, status,0
 Tracked objects:
		On entry : 
		On exit  : 
		Unchanged: 
 Data sizes:     COMRAM   BANK0   BANK1   BANK2
      Params:         2       0       0       0
      Locals:         1       0       0       0
      Temps:          1       0       0       0
      Totals:         4       0       0       0
Total ram usage:        4 bytes
 Hardware stack levels used:    1
 This function calls:
		Nothing
 This function is called by:
		_next_channel
 This function uses a non-reentrant model


 *************** function _get_data *****************
 Defined at:
		line 336 in file "receiver.c"
 Parameters:    Size  Location     Type
		None
 Auto vars:     Size  Location     Type
  current_time    2    5[COMRAM] unsigned int 
  next_hop        2    3[COMRAM] unsigned int 
  i               1    8[COMRAM] unsigned char 
  failed          1    7[COMRAM] unsigned char 
 Return value:  Size  Location     Type
                  1    wreg      void 
 Registers used:
		wreg, fsr2l, fsr2h, status,2, status,0, prodl, prodh
 Tracked objects:
		On entry : 
		On exit  : 
		Unchanged: 
 Data sizes:     COMRAM   BANK0   BANK1   BANK2
      Params:         0       0       0       0
      Locals:         6       0       0       0
      Temps:          3       0       0       0
      Totals:         9       0       0       0
Total ram usage:        9 bytes
 Hardware stack levels used:    1
 This function calls:
		Nothing
 This function is called by:
		_get_key
		_isr
 This function uses a non-reentrant model


 *************** function _get_key *****************
 Defined at:
		line 376 in file "receiver.c"
 Parameters:    Size  Location     Type
		None
 Auto vars:     Size  Location     Type
		None
 Return value:  Size  Location     Type
                  1    wreg      void 
 Registers used:
		wreg, status,2, status,0, tblptrl, tblptrh, tblptru, prodl, prodh
 Tracked objects:
		On entry : 
		On exit  : 
		Unchanged: 
 Data sizes:     COMRAM   BANK0   BANK1   BANK2
      Params:         0       0       0       0
      Locals:         0       0       0       0
      Temps:          0       0       0       0
      Totals:         0       0       0       0
Total ram usage:        0 bytes
 Hardware stack levels used:    1
 This function calls:
		Nothing
 This function is called by:
		_get_data
		_main
		_isr
 This function uses a non-reentrant model



MODULE INFORMATION

Module		Function		Class		Link	Load	Size
shared
		i2_write_radio 		CODE           	063A	0000	59
		__initialization		CODE           	0600	0000	45
		_PACKET_KEY    		SMALLCONST     	0301	0000	9

shared estimated size: 113

receiver.c
		_main          		CODE           	04E4	0000	113
		_write_serial  		CODE           	06D2	0000	17
		_isr           		CODE           	0008	0000	299
		_next_channel  		CODE           	0674	0000	55
		_serial_on     		CODE           	06AA	0000	23
		_write_radio   		CODE           	05C2	0000	63
		_radio_on      		CODE           	0406	0000	223
		_get_data      		CODE           	030A	0000	253
		_get_key       		CODE           	0554	0000	111

receiver.c estimated size: 1157

