Microchip MPLAB XC8 Compiler V1.45 ()

Linker command line:

-W-3 --edf=/opt/microchip/xc8/v1.45/dat/en_msgs.txt -cs \
  -h+dist/default/production/cam.X.production.sym \
  --cmf=dist/default/production/cam.X.production.cmf -z -Q18F14K50 \
  -o/tmp/xcXfNhdVR -Mdist/default/production/cam.X.production.map -E1 \
  -ver=XC8 -ASTACK=060h-02ffh -pstack=STACK -ACODE=00h-03FFFh \
  -ACONST=00h-03FFFh -ASMALLCONST=0300h-03FFhx61 -AMEDIUMCONST=0300h-03FFFh \
  -ACOMRAM=01h-05Fh -AABS1=00h-02FFh -ABIGRAM=01h-02FFh \
  -ARAM=060h-0FFh,0100h-01FFhx2 -ABANK0=060h-0FFh -ABANK1=0100h-01FFh \
  -ABANK2=0200h-02FFh -ASFR=0F53h-0F5Fh,0F60h-0FFFh \
  -preset_vec=00h,intcode=08h,intcodelo,powerup,init -pramtop=0300h \
  -psmallconst=SMALLCONST -pmediumconst=MEDIUMCONST -pconst=CONST \
  -AFARRAM=00h-00h -ACONFIG=0300000h-030000Dh -pconfig=CONFIG \
  -AIDLOC=0200000h-0200007h -pidloc=IDLOC -AEEDATA=0F00000h-0F000FFh \
  -peeprom_data=EEDATA \
  -prdata=COMRAM,nvrram=COMRAM,nvbit=COMRAM,rbss=COMRAM,rbit=COMRAM \
  -pfarbss=FARRAM,fardata=FARRAM,nvFARRAM=FARRAM \
  -pintsave_regs=BIGRAM,bigbss=BIGRAM,bigdata=BIGRAM -pbss=RAM \
  -pidata=CODE,irdata=CODE,ibigdata=CODE,ifardata=CODE -prparam=COMRAM \
  /tmp/xcXScLFR5.obj dist/default/production/cam.X.production.obj 

Object code version is 3.11

Machine type is 18F14K50

Call graph: (short form)




                Name                               Link     Load   Length Selector   Space Scale
/tmp/xcXScLFR5.obj
                init                                1CA      1CA        4        4       0
                reset_vec                             0        0        4        0       0
                idloc                            200000   200000        8   200000       0
                config                           300000   300000        E   300000       0
dist/default/production/cam.X.production.obj
                intcode                               8        8      1C2        4       0
                temp                                 39       39        1        1       1
                smallconst                          300      300       16      180       0
                text17                              5E4      5E4       82      18B       0
                text16                              666      666       66      18B       0
                text15                              316      316       FC      18B       0
                text14                              79C      79C       3A      18B       0
                text13                              412      412       AC      18B       0
                text12                              87C      87C        C      18B       0
                text11                              86E      86E        E      18B       0
                text10                              84E      84E       12      18B       0
                text9                               558      558       8C      18B       0
                text8                               718      718       4A      18B       0
                text7                               888      888        4      18B       0
                text6                               4BE      4BE       9A      18B       0
                text5                               860      860        E      18B       0
                text4                               82E      82E       20      18B       0
                text2                               762      762       3A      18B       0
                text1                               80E      80E       20      18B       0
                text0                               6CC      6CC       4C      18B       0
                cstackCOMRAM                          1        1       26        1       1
                dataCOMRAM                           36       36        3        1       1
                bssCOMRAM                            27       27        F        1       1
                cinit                               7D6      7D6       38      18B       0
                idataCOMRAM                         88C      88C        3      18B       0

TOTAL           Name                               Link     Load   Length     Space
        CLASS   STACK          

        CLASS   CODE           
                intcode                               8        8      1C2         0
                init                                1CA      1CA        4         0
                reset_vec                             0        0        4         0
                text17                              5E4      5E4       82         0
                text16                              666      666       66         0
                text15                              316      316       FC         0
                text14                              79C      79C       3A         0
                text13                              412      412       AC         0
                text12                              87C      87C        C         0
                text11                              86E      86E        E         0
                text10                              84E      84E       12         0
                text9                               558      558       8C         0
                text8                               718      718       4A         0
                text7                               888      888        4         0
                text6                               4BE      4BE       9A         0
                text5                               860      860        E         0
                text4                               82E      82E       20         0
                text2                               762      762       3A         0
                text1                               80E      80E       20         0
                text0                               6CC      6CC       4C         0
                cinit                               7D6      7D6       38         0
                idataCOMRAM                         88C      88C        3         0

        CLASS   CONST          

        CLASS   SMALLCONST     
                smallconst                          300      300       16         0

        CLASS   MEDIUMCONST    

        CLASS   COMRAM         
                temp                                 39       39        1         1
                cstackCOMRAM                          1        1       26         1
                dataCOMRAM                           36       36        3         1
                bssCOMRAM                            27       27        F         1

        CLASS   ABS1           

        CLASS   BIGRAM         

        CLASS   RAM            

        CLASS   BANK0          

        CLASS   BANK1          

        CLASS   BANK2          

        CLASS   SFR            

        CLASS   FARRAM         

        CLASS   CONFIG         
                config                           300000   300000        E         0

        CLASS   IDLOC          
                idloc                            200000   200000        8         0

        CLASS   EEDATA         



SEGMENTS        Name                           Load    Length   Top    Selector   Space  Class

                reset_vec                      000000  000004  000004         0       0  CODE    
                cstackCOMRAM                   000001  000039  00003A         1       1  COMRAM  
                intcode                        000008  0001C6  0001CE         4       0  CODE    
                smallconst                     000300  000016  000316       180       0  SMALLCON
                text15                         000316  000579  00088F       18B       0  CODE    
                idloc                          200000  000008  200008    200000       0  IDLOC   
                config                         300000  00000E  30000E    300000       0  CONFIG  


UNUSED ADDRESS RANGES

        Name                Unused          Largest block    Delta
        BANK0            000060-0000FF               A0
        BANK1            000100-0001FF              100
        BANK2            000200-0002FF              100
        BIGRAM           00003A-0002FF              2C6
        CODE             000004-000007                4
                         0001CE-0002FF              132
                         00088F-003FFF             3771
        COMRAM           00003A-00005F               26
        CONST            000004-000007                4
                         0001CE-0002FF              132
                         00088F-003FFF             3771
        EEDATA           F00000-F000FF              100
        MEDIUMCONST      00088F-003FFF             3771
        RAM              000060-0002FF              100
        SFR              000F53-000FFF                D
        SMALLCONST       00088F-003FFF              100
        STACK            000060-0002FF              2A0

                                  Symbol Table

?___lldiv                cstackCOMRAM 000001
?___llmod                cstackCOMRAM 000001
_ADCON0                  (abs)        000FC2
_ADCON0bits              (abs)        000FC2
_ADCON2                  (abs)        000FC0
_ADRES                   (abs)        000FC3
_ANSEL                   (abs)        000F7E
_ANSELH                  (abs)        000F7F
_BAUDCON                 (abs)        000FB8
_INTCON                  (abs)        000FF2
_INTCONbits              (abs)        000FF2
_LATCbits                (abs)        000F8B
_OSCCON                  (abs)        000FD3
_PACKET_KEY              smallconst   000301
_PIE1bits                (abs)        000F9D
_PIR1bits                (abs)        000F9E
_RCSTA                   (abs)        000FAB
_SPBRG                   (abs)        000FAF
_T0CON                   (abs)        000FD5
_T1CON                   (abs)        000FCD
_TMR0                    (abs)        000FD6
_TMR1                    (abs)        000FCE
_TRISCbits               (abs)        000F94
_TXREG                   (abs)        000FAD
_TXSTA                   (abs)        000FAC
_TXSTAbits               (abs)        000FAC
__CFG_BOREN$SBORDIS      (abs)        000000
__CFG_BORV$22            (abs)        000000
__CFG_FOSC$IRC           (abs)        000000
__CFG_HFOFST$OFF         (abs)        000000
__CFG_LVP$OFF            (abs)        000000
__CFG_PLLEN$OFF          (abs)        000000
__CFG_PWRTEN$OFF         (abs)        000000
__CFG_WDTEN$ON           (abs)        000000
__CFG_WDTPS$32768        (abs)        000000
__HRAM                   (abs)        000000
__Habs1                  abs1         000000
__Hbank0                 bank0        000000
__Hbank1                 bank1        000000
__Hbank2                 bank2        000000
__Hbigbss                bigbss       000000
__Hbigdata               bigdata      000000
__Hbigram                bigram       000000
__Hbss                   bss          000000
__HbssCOMRAM             bssCOMRAM    000000
__Hcinit                 cinit        000000
__Hclrtext               clrtext      000000
__Hcomram                comram       000000
__Hconfig                config       30000E
__Hconst                 const        000000
__HcstackCOMRAM          cstackCOMRAM 000000
__Hdata                  data         000000
__HdataCOMRAM            dataCOMRAM   000000
__Heeprom_data           eeprom_data  000000
__Hfarbss                farbss       000000
__Hfardata               fardata      000000
__Hibigdata              ibigdata     000000
__Hidata                 idata        000000
__HidataCOMRAM           idataCOMRAM  000000
__Hidloc                 idloc        200008
__Hifardata              ifardata     000000
__Hinit                  init         0001CE
__Hintcode               intcode      0001CA
__Hintcode_body          intcode_body 000000
__Hintcodelo             intcodelo    0001CA
__Hintentry              intentry     000000
__Hintret                intret       000000
__Hintsave_regs          intsave_regs 000000
__Hirdata                irdata       000000
__Hmediumconst           mediumconst  000000
__HnvFARRAM              nvFARRAM     000000
__Hnvbit                 nvbit        000000
__Hnvrram                nvrram       000000
__Hparam                 rparam       000000
__Hpowerup               powerup      0001CA
__Hram                   ram          000000
__Hramtop                ramtop       000300
__Hrbit                  rbit         000000
__Hrbss                  rbss         000000
__Hrdata                 rdata        000000
__Hreset_vec             reset_vec    000004
__Hrparam                rparam       000000
__Hsfr                   sfr          000000
__Hsmallconst            smallconst   000316
__Hspace_0               (abs)        30000E
__Hspace_1               (abs)        00003A
__Hspace_2               (abs)        000000
__Hstack                 stack        000000
__Hstruct                struct       000000
__Htemp                  temp         00003A
__Htext                  text         000000
__Htext0                 text0        000000
__Htext1                 text1        000000
__Htext10                text10       000000
__Htext11                text11       000000
__Htext12                text12       000000
__Htext13                text13       000000
__Htext14                text14       000000
__Htext15                text15       000000
__Htext16                text16       000000
__Htext17                text17       000000
__Htext18                text18       000000
__Htext2                 text2        000000
__Htext4                 text4        000000
__Htext5                 text5        000000
__Htext6                 text6        000000
__Htext7                 text7        000000
__Htext8                 text8        000000
__Htext9                 text9        000000
__LRAM                   (abs)        000001
__Labs1                  abs1         000000
__Lbank0                 bank0        000000
__Lbank1                 bank1        000000
__Lbank2                 bank2        000000
__Lbigbss                bigbss       000000
__Lbigdata               bigdata      000000
__Lbigram                bigram       000000
__Lbss                   bss          000000
__LbssCOMRAM             bssCOMRAM    000000
__Lcinit                 cinit        000000
__Lclrtext               clrtext      000000
__Lcomram                comram       000000
__Lconfig                config       300000
__Lconst                 const        000000
__LcstackCOMRAM          cstackCOMRAM 000000
__Ldata                  data         000000
__LdataCOMRAM            dataCOMRAM   000000
__Leeprom_data           eeprom_data  000000
__Lfarbss                farbss       000000
__Lfardata               fardata      000000
__Libigdata              ibigdata     000000
__Lidata                 idata        000000
__LidataCOMRAM           idataCOMRAM  000000
__Lidloc                 idloc        200000
__Lifardata              ifardata     000000
__Linit                  init         0001CA
__Lintcode               intcode      000008
__Lintcode_body          intcode_body 000000
__Lintcodelo             intcodelo    0001CA
__Lintentry              intentry     000000
__Lintret                intret       000000
__Lintsave_regs          intsave_regs 000000
__Lirdata                irdata       000000
__Lmediumconst           mediumconst  000000
__LnvFARRAM              nvFARRAM     000000
__Lnvbit                 nvbit        000000
__Lnvrram                nvrram       000000
__Lparam                 rparam       000000
__Lpowerup               powerup      0001CA
__Lram                   ram          000000
__Lramtop                ramtop       000300
__Lrbit                  rbit         000000
__Lrbss                  rbss         000000
__Lrdata                 rdata        000000
__Lreset_vec             reset_vec    000000
__Lrparam                rparam       000000
__Lsfr                   sfr          000000
__Lsmallconst            smallconst   000300
__Lspace_0               (abs)        000000
__Lspace_1               (abs)        000000
__Lspace_2               (abs)        000000
__Lstack                 stack        000000
__Lstruct                struct       000000
__Ltemp                  temp         000039
__Ltext                  text         000000
__Ltext0                 text0        000000
__Ltext1                 text1        000000
__Ltext10                text10       000000
__Ltext11                text11       000000
__Ltext12                text12       000000
__Ltext13                text13       000000
__Ltext14                text14       000000
__Ltext15                text15       000000
__Ltext16                text16       000000
__Ltext17                text17       000000
__Ltext18                text18       000000
__Ltext2                 text2        000000
__Ltext4                 text4        000000
__Ltext5                 text5        000000
__Ltext6                 text6        000000
__Ltext7                 text7        000000
__Ltext8                 text8        000000
__Ltext9                 text9        000000
__S0                     (abs)        30000E
__S1                     (abs)        00003A
__S2                     (abs)        000000
___inthi_sp              stack        000000
___intlo_sp              stack        000000
___lldiv                 text17       0005E4
___lldiv@counter         cstackCOMRAM 00000D
___lldiv@dividend        cstackCOMRAM 000001
___lldiv@divisor         cstackCOMRAM 000005
___lldiv@quotient        cstackCOMRAM 000009
___llmod                 text16       000666
___llmod@counter         cstackCOMRAM 000009
___llmod@dividend        cstackCOMRAM 000001
___llmod@divisor         cstackCOMRAM 000005
___param_bank            (abs)        000000
___rparam_used           (abs)        000001
___sp                    stack        000000
__accesstop              (abs)        000060
__activetblptr           (abs)        000002
__end_of_PACKET_KEY      smallconst   000309
__end_of___lldiv         text17       000666
__end_of___llmod         text16       0006CC
__end_of__initialization cinit        000800
__end_of_blink_patterns  smallconst   000315
__end_of_flush_serial    text12       000888
__end_of_get_stick       text7        00088C
__end_of_get_timelapse   text6        000558
__end_of_handle_led      text15       000412
__end_of_isr             intcode      0001CA
__end_of_main            text0        000718
__end_of_powerup         text8        000762
__end_of_radio_off       text1        00082E
__end_of_radio_on        text13       0004BE
__end_of_serial_off      text11       00087C
__end_of_serial_on       text10       000860
__end_of_wait_timelapse  text9        0005E4
__end_of_write_radio     text2        00079C
__end_of_write_serial    text5        00086E
__end_ofi2_radio_off     text4        00084E
__end_ofi2_write_radio   text14       0007D6
__initialization         cinit        0007D6
__mediumconst            mediumconst  000000
__pbssCOMRAM             bssCOMRAM    000027
__pcinit                 cinit        0007D6
__pcstackCOMRAM          cstackCOMRAM 000001
__pdataCOMRAM            dataCOMRAM   000036
__pidataCOMRAM           idataCOMRAM  00088C
__pintcode               intcode      000008
__psmallconst            smallconst   000300
__ptext0                 text0        0006CC
__ptext1                 text1        00080E
__ptext10                text10       00084E
__ptext11                text11       00086E
__ptext12                text12       00087C
__ptext13                text13       000412
__ptext14                text14       00079C
__ptext15                text15       000316
__ptext16                text16       000666
__ptext17                text17       0005E4
__ptext18                text18       000000
__ptext2                 text2        000762
__ptext4                 text4        00082E
__ptext5                 text5        000860
__ptext6                 text6        0004BE
__ptext7                 text7        000888
__ptext8                 text8        000718
__ptext9                 text9        000558
__ramtop                 ramtop       000300
__size_of___lldiv        (abs)        000000
__size_of___llmod        (abs)        000000
__size_of_flush_serial   (abs)        000000
__size_of_get_stick      (abs)        000000
__size_of_get_timelapse  (abs)        000000
__size_of_handle_led     (abs)        000000
__size_of_isr            (abs)        000000
__size_of_main           (abs)        000000
__size_of_powerup        (abs)        000000
__size_of_radio_off      (abs)        000000
__size_of_radio_on       (abs)        000000
__size_of_serial_off     (abs)        000000
__size_of_serial_on      (abs)        000000
__size_of_wait_timelapse (abs)        000000
__size_of_write_radio    (abs)        000000
__size_of_write_serial   (abs)        000000
__size_ofi2_radio_off    (abs)        000000
__size_ofi2_write_radio  (abs)        000000
__smallconst             smallconst   000300
_adc_accum               bssCOMRAM    00002B
_adc_count               bssCOMRAM    000027
_adc_state               dataCOMRAM   000036
_blink_counter           bssCOMRAM    000033
_blink_offset            bssCOMRAM    000034
_blink_patterns          smallconst   000309
_flags                   bssCOMRAM    000035
_flush_serial            text12       00087C
_get_stick               text7        000888
_get_timelapse           text6        0004BE
_handle_led              text15       000316
_isr                     intcode      000008
_main                    text0        0006CC
_powerup                 text8        000718
_radio_off               text1        00080E
_radio_on                text13       000412
_serial_off              text11       00086E
_serial_on               text10       00084E
_tick                    bssCOMRAM    00002F
_timelapse_mode          dataCOMRAM   000038
_wait_timelapse          text9        000558
_write_radio             text2        000762
_write_serial            text5        000860
btemp                    temp         000039
end_of_initialization    cinit        000800
get_timelapse@value      cstackCOMRAM 00000E
handle_led@blink_pattern cstackCOMRAM 00000C
i2_radio_off             text4        00082E
i2_write_radio           text14       00079C
i2write_radio@data       cstackCOMRAM 000001
i2write_radio@i          cstackCOMRAM 000004
int$flags                temp         000039
intlevel0                text         000000
intlevel1                text         000000
intlevel2                text         000000
intlevel3                text         000000
isr@i                    cstackCOMRAM 000021
isr@value                cstackCOMRAM 000022
stackhi                  (abs)        0002FF
stacklo                  (abs)        000060
start                    init         0001CA
start_initialization     cinit        0007D6
wait_timelapse@value     cstackCOMRAM 00000E
write_radio@data         cstackCOMRAM 000023
write_radio@i            cstackCOMRAM 000026
write_serial@value       cstackCOMRAM 000001
wtemp6                   temp         00003A


FUNCTION INFORMATION:

 *************** function _main *****************
 Defined at:
		line 450 in file "cam.c"
 Parameters:    Size  Location     Type
		None
 Auto vars:     Size  Location     Type
		None
 Return value:  Size  Location     Type
                  1    wreg      void 
 Registers used:
		wreg, status,2, status,0, cstack
 Tracked objects:
		On entry : 
		On exit  : 
		Unchanged: 
 Data sizes:     COMRAM   BANK0   BANK1   BANK2
      Params:         0       0       0       0
      Locals:         0       0       0       0
      Temps:          0       0       0       0
      Totals:         0       0       0       0
Total ram usage:        0 bytes
 Hardware stack levels required when called:    5
 This function calls:
		_radio_off
 This function is called by:
		Startup code after reset
 This function uses a non-reentrant model


 *************** function _radio_off *****************
 Defined at:
		line 328 in file "cam.c"
 Parameters:    Size  Location     Type
		None
 Auto vars:     Size  Location     Type
		None
 Return value:  Size  Location     Type
                  1    wreg      void 
 Registers used:
		wreg, status,2, status,0, cstack
 Tracked objects:
		On entry : 
		On exit  : 
		Unchanged: 
 Data sizes:     COMRAM   BANK0   BANK1   BANK2
      Params:         0       0       0       0
      Locals:         0       0       0       0
      Temps:          0       0       0       0
      Totals:         0       0       0       0
Total ram usage:        0 bytes
 Hardware stack levels used:    1
 Hardware stack levels required when called:    4
 This function calls:
		_write_radio
 This function is called by:
		_main
 This function uses a non-reentrant model


 *************** function _write_radio *****************
 Defined at:
		line 267 in file "cam.c"
 Parameters:    Size  Location     Type
  data            2   34[COMRAM] unsigned int 
 Auto vars:     Size  Location     Type
  i               1   37[COMRAM] unsigned char 
 Return value:  Size  Location     Type
                  1    wreg      void 
 Registers used:
		wreg, status,2, status,0
 Tracked objects:
		On entry : 
		On exit  : 
		Unchanged: 
 Data sizes:     COMRAM   BANK0   BANK1   BANK2
      Params:         2       0       0       0
      Locals:         1       0       0       0
      Temps:          1       0       0       0
      Totals:         4       0       0       0
Total ram usage:        4 bytes
 Hardware stack levels used:    1
 Hardware stack levels required when called:    3
 This function calls:
		Nothing
 This function is called by:
		_radio_off
 This function uses a non-reentrant model


 *************** function _isr *****************
 Defined at:
		line 494 in file "cam.c"
 Parameters:    Size  Location     Type
		None
 Auto vars:     Size  Location     Type
  value           1   33[COMRAM] unsigned char 
  i               1   32[COMRAM] unsigned char 
 Return value:  Size  Location     Type
                  1    wreg      void 
 Registers used:
		wreg, status,2, status,0, pclath, tosl, tblptrl, tblptrh, tblptru, prodl, prodh, cstack
 Tracked objects:
		On entry : 
		On exit  : 
		Unchanged: 
 Data sizes:     COMRAM   BANK0   BANK1   BANK2
      Params:         0       0       0       0
      Locals:         2       0       0       0
      Temps:         18       0       0       0
      Totals:        20       0       0       0
Total ram usage:       20 bytes
 Hardware stack levels used:    1
 Hardware stack levels required when called:    2
 This function calls:
		___lldiv
		_get_stick
		_get_timelapse
		_handle_led
		_powerup
		_radio_on
		_serial_off
		_serial_on
		_wait_timelapse
		_write_serial
		i2_radio_off
 This function is called by:
		Interrupt level 2
 This function uses a non-reentrant model


 *************** function i2_radio_off *****************
 Defined at:
		line 328 in file "cam.c"
 Parameters:    Size  Location     Type
		None
 Auto vars:     Size  Location     Type
		None
 Return value:  Size  Location     Type
                  1    wreg      void 
 Registers used:
		wreg, status,2, status,0, cstack
 Tracked objects:
		On entry : 
		On exit  : 
		Unchanged: 
 Data sizes:     COMRAM   BANK0   BANK1   BANK2
      Params:         0       0       0       0
      Locals:         0       0       0       0
      Temps:          0       0       0       0
      Totals:         0       0       0       0
Total ram usage:        0 bytes
 Hardware stack levels used:    1
 Hardware stack levels required when called:    1
 This function calls:
		i2_write_radio
 This function is called by:
		_isr
 This function uses a non-reentrant model


 *************** function _write_serial *****************
 Defined at:
		line 377 in file "cam.c"
 Parameters:    Size  Location     Type
  value           1    wreg     unsigned char 
 Auto vars:     Size  Location     Type
  value           1    0[COMRAM] unsigned char 
 Return value:  Size  Location     Type
                  1    wreg      void 
 Registers used:
		wreg
 Tracked objects:
		On entry : 
		On exit  : 
		Unchanged: 
 Data sizes:     COMRAM   BANK0   BANK1   BANK2
      Params:         0       0       0       0
      Locals:         1       0       0       0
      Temps:          0       0       0       0
      Totals:         1       0       0       0
Total ram usage:        1 bytes
 Hardware stack levels used:    1
 This function calls:
		Nothing
 This function is called by:
		_isr
 This function uses a non-reentrant model


 *************** function _get_timelapse *****************
 Defined at:
		line 413 in file "cam.c"
 Parameters:    Size  Location     Type
		None
 Auto vars:     Size  Location     Type
  value           1   13[COMRAM] unsigned char 
 Return value:  Size  Location     Type
                  1    wreg      void 
 Registers used:
		wreg, status,2, status,0, cstack
 Tracked objects:
		On entry : 
		On exit  : 
		Unchanged: 
 Data sizes:     COMRAM   BANK0   BANK1   BANK2
      Params:         0       0       0       0
      Locals:         1       0       0       0
      Temps:          0       0       0       0
      Totals:         1       0       0       0
Total ram usage:        1 bytes
 Hardware stack levels used:    1
 Hardware stack levels required when called:    1
 This function calls:
		___lldiv
 This function is called by:
		_powerup
		_isr
 This function uses a non-reentrant model


 *************** function _get_stick *****************
 Defined at:
		line 389 in file "cam.c"
 Parameters:    Size  Location     Type
		None
 Auto vars:     Size  Location     Type
		None
 Return value:  Size  Location     Type
                  1    wreg      void 
 Registers used:
		None
 Tracked objects:
		On entry : 
		On exit  : 
		Unchanged: 
 Data sizes:     COMRAM   BANK0   BANK1   BANK2
      Params:         0       0       0       0
      Locals:         0       0       0       0
      Temps:          0       0       0       0
      Totals:         0       0       0       0
Total ram usage:        0 bytes
 Hardware stack levels used:    1
 This function calls:
		Nothing
 This function is called by:
		_wait_timelapse
		_isr
 This function uses a non-reentrant model


 *************** function _powerup *****************
 Defined at:
		line 438 in file "cam.c"
 Parameters:    Size  Location     Type
		None
 Auto vars:     Size  Location     Type
		None
 Return value:  Size  Location     Type
                  1    wreg      void 
 Registers used:
		wreg, status,2, status,0
 Tracked objects:
		On entry : 
		On exit  : 
		Unchanged: 
 Data sizes:     COMRAM   BANK0   BANK1   BANK2
      Params:         0       0       0       0
      Locals:         0       0       0       0
      Temps:          0       0       0       0
      Totals:         0       0       0       0
Total ram usage:        0 bytes
 Hardware stack levels used:    1
 This function calls:
		Nothing
 This function is called by:
		_handle_led
		_isr
 This function uses a non-reentrant model


 *************** function _wait_timelapse *****************
 Defined at:
		line 395 in file "cam.c"
 Parameters:    Size  Location     Type
		None
 Auto vars:     Size  Location     Type
  value           1   13[COMRAM] unsigned char 
 Return value:  Size  Location     Type
                  1    wreg      void 
 Registers used:
		wreg, status,2, status,0, cstack
 Tracked objects:
		On entry : 
		On exit  : 
		Unchanged: 
 Data sizes:     COMRAM   BANK0   BANK1   BANK2
      Params:         0       0       0       0
      Locals:         1       0       0       0
      Temps:          0       0       0       0
      Totals:         1       0       0       0
Total ram usage:        1 bytes
 Hardware stack levels used:    1
 Hardware stack levels required when called:    1
 This function calls:
		___lldiv
 This function is called by:
		_handle_led
		_get_timelapse
		_isr
 This function uses a non-reentrant model


 *************** function _serial_on *****************
 Defined at:
		line 347 in file "cam.c"
 Parameters:    Size  Location     Type
		None
 Auto vars:     Size  Location     Type
		None
 Return value:  Size  Location     Type
                  1    wreg      void 
 Registers used:
		wreg, status,2
 Tracked objects:
		On entry : 
		On exit  : 
		Unchanged: 
 Data sizes:     COMRAM   BANK0   BANK1   BANK2
      Params:         0       0       0       0
      Locals:         0       0       0       0
      Temps:          0       0       0       0
      Totals:         0       0       0       0
Total ram usage:        0 bytes
 Hardware stack levels used:    1
 This function calls:
		Nothing
 This function is called by:
		_isr
 This function uses a non-reentrant model


 *************** function _serial_off *****************
 Defined at:
		line 369 in file "cam.c"
 Parameters:    Size  Location     Type
		None
 Auto vars:     Size  Location     Type
		None
 Return value:  Size  Location     Type
                  1    wreg      void 
 Registers used:
		wreg, status,2, cstack
 Tracked objects:
		On entry : 
		On exit  : 
		Unchanged: 
 Data sizes:     COMRAM   BANK0   BANK1   BANK2
      Params:         0       0       0       0
      Locals:         0       0       0       0
      Temps:          0       0       0       0
      Totals:         0       0       0       0
Total ram usage:        0 bytes
 Hardware stack levels used:    1
 Hardware stack levels required when called:    1
 This function calls:
		_flush_serial
 This function is called by:
		_isr
 This function uses a non-reentrant model


 *************** function _flush_serial *****************
 Defined at:
		line 357 in file "cam.c"
 Parameters:    Size  Location     Type
		None
 Auto vars:     Size  Location     Type
		None
 Return value:  Size  Location     Type
                  1    wreg      void 
 Registers used:
		None
 Tracked objects:
		On entry : 
		On exit  : 
		Unchanged: 
 Data sizes:     COMRAM   BANK0   BANK1   BANK2
      Params:         0       0       0       0
      Locals:         0       0       0       0
      Temps:          0       0       0       0
      Totals:         0       0       0       0
Total ram usage:        0 bytes
 Hardware stack levels used:    1
 This function calls:
		Nothing
 This function is called by:
		_serial_off
 This function uses a non-reentrant model


 *************** function _radio_on *****************
 Defined at:
		line 283 in file "cam.c"
 Parameters:    Size  Location     Type
		None
 Auto vars:     Size  Location     Type
		None
 Return value:  Size  Location     Type
                  1    wreg      void 
 Registers used:
		wreg, status,2, status,0, cstack
 Tracked objects:
		On entry : 
		On exit  : 
		Unchanged: 
 Data sizes:     COMRAM   BANK0   BANK1   BANK2
      Params:         0       0       0       0
      Locals:         0       0       0       0
      Temps:          0       0       0       0
      Totals:         0       0       0       0
Total ram usage:        0 bytes
 Hardware stack levels used:    1
 Hardware stack levels required when called:    1
 This function calls:
		i2_write_radio
 This function is called by:
		_isr
 This function uses a non-reentrant model


 *************** function i2_write_radio *****************
 Defined at:
		line 267 in file "cam.c"
 Parameters:    Size  Location     Type
  data            2    0[COMRAM] unsigned int 
 Auto vars:     Size  Location     Type
  write_radio     1    3[COMRAM] unsigned char 
 Return value:  Size  Location     Type
                  1    wreg      void 
 Registers used:
		wreg, status,2, status,0
 Tracked objects:
		On entry : 
		On exit  : 
		Unchanged: 
 Data sizes:     COMRAM   BANK0   BANK1   BANK2
      Params:         2       0       0       0
      Locals:         1       0       0       0
      Temps:          1       0       0       0
      Totals:         4       0       0       0
Total ram usage:        4 bytes
 Hardware stack levels used:    1
 This function calls:
		Nothing
 This function is called by:
		_radio_on
		i2_radio_off
 This function uses a non-reentrant model


 *************** function _handle_led *****************
 Defined at:
		line 220 in file "cam.c"
 Parameters:    Size  Location     Type
		None
 Auto vars:     Size  Location     Type
  blink_patter    2   11[COMRAM] PTR const unsigned char 
		 -> blink_patterns(12), 
 Return value:  Size  Location     Type
                  1    wreg      void 
 Registers used:
		wreg, status,2, status,0, tblptrl, tblptrh, tblptru, prodl, prodh, cstack
 Tracked objects:
		On entry : 
		On exit  : 
		Unchanged: 
 Data sizes:     COMRAM   BANK0   BANK1   BANK2
      Params:         0       0       0       0
      Locals:         2       0       0       0
      Temps:          2       0       0       0
      Totals:         4       0       0       0
Total ram usage:        4 bytes
 Hardware stack levels used:    1
 Hardware stack levels required when called:    1
 This function calls:
		___llmod
 This function is called by:
		_isr
 This function uses a non-reentrant model


 *************** function ___llmod *****************
 Defined at:
		line 8 in file "/opt/microchip/xc8/v1.45/sources/common/llmod.c"
 Parameters:    Size  Location     Type
  dividend        4    0[COMRAM] unsigned long 
  divisor         4    4[COMRAM] unsigned long 
 Auto vars:     Size  Location     Type
  counter         1    8[COMRAM] unsigned char 
 Return value:  Size  Location     Type
                  4    0[COMRAM] unsigned long 
 Registers used:
		wreg, status,2, status,0
 Tracked objects:
		On entry : 
		On exit  : 
		Unchanged: 
 Data sizes:     COMRAM   BANK0   BANK1   BANK2
      Params:         8       0       0       0
      Locals:         1       0       0       0
      Temps:          0       0       0       0
      Totals:         9       0       0       0
Total ram usage:        9 bytes
 Hardware stack levels used:    1
 This function calls:
		Nothing
 This function is called by:
		_handle_led
 This function uses a non-reentrant model


 *************** function ___lldiv *****************
 Defined at:
		line 8 in file "/opt/microchip/xc8/v1.45/sources/common/lldiv.c"
 Parameters:    Size  Location     Type
  dividend        4    0[COMRAM] unsigned long 
  divisor         4    4[COMRAM] unsigned long 
 Auto vars:     Size  Location     Type
  quotient        4    8[COMRAM] unsigned long 
  counter         1   12[COMRAM] unsigned char 
 Return value:  Size  Location     Type
                  4    0[COMRAM] unsigned long 
 Registers used:
		wreg, status,2, status,0
 Tracked objects:
		On entry : 
		On exit  : 
		Unchanged: 
 Data sizes:     COMRAM   BANK0   BANK1   BANK2
      Params:         8       0       0       0
      Locals:         5       0       0       0
      Temps:          0       0       0       0
      Totals:        13       0       0       0
Total ram usage:       13 bytes
 Hardware stack levels used:    1
 This function calls:
		Nothing
 This function is called by:
		_wait_timelapse
		_get_timelapse
		_isr
 This function uses a non-reentrant model



MODULE INFORMATION

Module		Function		Class		Link	Load	Size
cam.c
		_flush_serial  		CODE           	087C	0000	13
		_handle_led    		CODE           	0316	0000	253
		_main          		CODE           	06CC	0000	77
		_powerup       		CODE           	0718	0000	75
		_get_stick     		CODE           	0888	0000	5
		_write_serial  		CODE           	0860	0000	15
		_isr           		CODE           	0008	0000	451
		_serial_on     		CODE           	084E	0000	19
		_serial_off    		CODE           	086E	0000	15
		_wait_timelapse		CODE           	0558	0000	141
		_get_timelapse 		CODE           	04BE	0000	155
		_write_radio   		CODE           	0762	0000	59
		_radio_on      		CODE           	0412	0000	173
		_radio_off     		CODE           	080E	0000	33

cam.c estimated size: 1484

/opt/microchip/xc8/v1.45/sources/common/llmod.c
		___llmod       		CODE           	0666	0000	103

/opt/microchip/xc8/v1.45/sources/common/llmod.c estimated size: 103

shared
		i2_write_radio 		CODE           	079C	0000	59
		__initialization		CODE           	07D6	0000	43
		i2_radio_off   		CODE           	082E	0000	33
		_PACKET_KEY    		SMALLCONST     	0301	0000	9
		_blink_patterns		SMALLCONST     	0309	0000	13

shared estimated size: 157

/opt/microchip/xc8/v1.45/sources/common/lldiv.c
		___lldiv       		CODE           	05E4	0000	131

/opt/microchip/xc8/v1.45/sources/common/lldiv.c estimated size: 131

