Microchip MPLAB XC8 Compiler V1.45 ()

Linker command line:

-W-3 --edf=/opt/microchip/xc8/v1.45/dat/en_msgs.txt -cs \
  -h+dist/default/production/cam_remote.X.production.sym \
  --cmf=dist/default/production/cam_remote.X.production.cmf -z -Q18F14K50 \
  -o/tmp/xcXcUpy8l -Mdist/default/production/cam_remote.X.production.map \
  -E1 -ver=XC8 -ASTACK=064h-02ffh -pstack=STACK -ACODE=00h-03FFFh \
  -ACONST=00h-03FFFh -ASMALLCONST=0300h-03FFhx61 -AMEDIUMCONST=0300h-03FFFh \
  -ACOMRAM=01h-05Fh -AABS1=00h-02FFh -ABIGRAM=01h-02FFh \
  -ARAM=060h-0FFh,0100h-01FFhx2 -ABANK0=060h-0FFh -ABANK1=0100h-01FFh \
  -ABANK2=0200h-02FFh -ASFR=0F53h-0F5Fh,0F60h-0FFFh \
  -preset_vec=00h,intcode=08h,intcodelo,powerup,init -pramtop=0300h \
  -psmallconst=SMALLCONST -pmediumconst=MEDIUMCONST -pconst=CONST \
  -AFARRAM=00h-00h -ACONFIG=0300000h-030000Dh -pconfig=CONFIG \
  -AIDLOC=0200000h-0200007h -pidloc=IDLOC -AEEDATA=0F00000h-0F000FFh \
  -peeprom_data=EEDATA \
  -prdata=COMRAM,nvrram=COMRAM,nvbit=COMRAM,rbss=COMRAM,rbit=COMRAM \
  -pfarbss=FARRAM,fardata=FARRAM,nvFARRAM=FARRAM \
  -pintsave_regs=BIGRAM,bigbss=BIGRAM,bigdata=BIGRAM -pbss=RAM \
  -pidata=CODE,irdata=CODE,ibigdata=CODE,ifardata=CODE -prparam=COMRAM \
  /tmp/xcXH3tddF.obj dist/default/production/cam_remote.X.production.obj 

Object code version is 3.11

Machine type is 18F14K50

Call graph: (short form)




                Name                               Link     Load   Length Selector   Space Scale
/tmp/xcXH3tddF.obj
                init                                1C8      1C8        4        4       0
                reset_vec                             0        0        4        0       0
                idloc                            200000   200000        8   200000       0
                config                           300000   300000        E   300000       0
dist/default/production/cam_remote.X.production.obj
                intcode                               8        8      1C0        4       0
                temp                                 3B       3B        1        1       1
                smallconst                          300      300       22      180       0
                text17                              626      626       82      191       0
                text16                              6A8      6A8       66      191       0
                text15                              322      322       FC      191       0
                text14                              7E2      7E2       3A      191       0
                text13                              4E6      4E6       AC      191       0
                text12                              8C4      8C4        C      191       0
                text11                              8B6      8B6        E      191       0
                text10                              896      896       12      191       0
                text9                               592      592       94      191       0
                text8                               75A      75A       4A      191       0
                text7                               41E      41E       C8      191       0
                text6                               8D0      8D0        4      191       0
                text5                               8A8      8A8        E      191       0
                text4                               876      876       20      191       0
                text2                               7A4      7A4       3E      191       0
                text1                               854      854       22      191       0
                text0                               70E      70E       4C      191       0
                cstackCOMRAM                          1        1       24        1       1
                cstackBANK0                          60       60        4       60       1
                dataCOMRAM                           38       38        3        1       1
                bssCOMRAM                            25       25       13        1       1
                cinit                               81C      81C       38      191       0
                idataCOMRAM                         8D4      8D4        3      191       0

TOTAL           Name                               Link     Load   Length     Space
        CLASS   STACK          

        CLASS   CODE           
                intcode                               8        8      1C0         0
                init                                1C8      1C8        4         0
                reset_vec                             0        0        4         0
                text17                              626      626       82         0
                text16                              6A8      6A8       66         0
                text15                              322      322       FC         0
                text14                              7E2      7E2       3A         0
                text13                              4E6      4E6       AC         0
                text12                              8C4      8C4        C         0
                text11                              8B6      8B6        E         0
                text10                              896      896       12         0
                text9                               592      592       94         0
                text8                               75A      75A       4A         0
                text7                               41E      41E       C8         0
                text6                               8D0      8D0        4         0
                text5                               8A8      8A8        E         0
                text4                               876      876       20         0
                text2                               7A4      7A4       3E         0
                text1                               854      854       22         0
                text0                               70E      70E       4C         0
                cinit                               81C      81C       38         0
                idataCOMRAM                         8D4      8D4        3         0

        CLASS   CONST          

        CLASS   SMALLCONST     
                smallconst                          300      300       22         0

        CLASS   MEDIUMCONST    

        CLASS   COMRAM         
                temp                                 3B       3B        1         1
                cstackCOMRAM                          1        1       24         1
                dataCOMRAM                           38       38        3         1
                bssCOMRAM                            25       25       13         1

        CLASS   ABS1           

        CLASS   BIGRAM         

        CLASS   RAM            

        CLASS   BANK0          
                cstackBANK0                          60       60        4         1

        CLASS   BANK1          

        CLASS   BANK2          

        CLASS   SFR            

        CLASS   FARRAM         

        CLASS   CONFIG         
                config                           300000   300000        E         0

        CLASS   IDLOC          
                idloc                            200000   200000        8         0

        CLASS   EEDATA         



SEGMENTS        Name                           Load    Length   Top    Selector   Space  Class

                reset_vec                      000000  000004  000004         0       0  CODE    
                cstackCOMRAM                   000001  00003B  00003C         1       1  COMRAM  
                intcode                        000008  0001C4  0001CC         4       0  CODE    
                cstackBANK0                    000060  000004  000064        60       1  BANK0   
                smallconst                     000300  000022  000322       180       0  SMALLCON
                text15                         000322  0005B5  0008D7       191       0  CODE    
                idloc                          200000  000008  200008    200000       0  IDLOC   
                config                         300000  00000E  30000E    300000       0  CONFIG  


UNUSED ADDRESS RANGES

        Name                Unused          Largest block    Delta
        BANK0            000064-0000FF               9C
        BANK1            000100-0001FF              100
        BANK2            000200-0002FF              100
        BIGRAM           00003C-00005F               24
                         000064-0002FF              29C
        CODE             000004-000007                4
                         0001CC-0002FF              134
                         0008D7-003FFF             3729
        COMRAM           00003C-00005F               24
        CONST            000004-000007                4
                         0001CC-0002FF              134
                         0008D7-003FFF             3729
        EEDATA           F00000-F000FF              100
        MEDIUMCONST      0008D7-003FFF             3729
        RAM              000064-0002FF              100
        SFR              000F53-000FFF                D
        SMALLCONST       0008D7-003FFF              100
        STACK            000064-0002FF              29C

                                  Symbol Table

?___lldiv                   cstackCOMRAM 000001
?___llmod                   cstackCOMRAM 000001
_ADCON0                     (abs)        000FC2
_ADCON0bits                 (abs)        000FC2
_ADCON2                     (abs)        000FC0
_ADRES                      (abs)        000FC3
_ANSEL                      (abs)        000F7E
_ANSELH                     (abs)        000F7F
_BAUDCON                    (abs)        000FB8
_INTCON                     (abs)        000FF2
_INTCONbits                 (abs)        000FF2
_LATCbits                   (abs)        000F8B
_OSCCON                     (abs)        000FD3
_PACKET_KEY                 smallconst   000301
_PIE1bits                   (abs)        000F9D
_PIR1bits                   (abs)        000F9E
_RCSTA                      (abs)        000FAB
_SPBRG                      (abs)        000FAF
_T0CON                      (abs)        000FD5
_T1CON                      (abs)        000FCD
_TMR0                       (abs)        000FD6
_TMR1                       (abs)        000FCE
_TRISCbits                  (abs)        000F94
_TXREG                      (abs)        000FAD
_TXSTA                      (abs)        000FAC
_TXSTAbits                  (abs)        000FAC
__CFG_BOREN$SBORDIS         (abs)        000000
__CFG_BORV$22               (abs)        000000
__CFG_FOSC$IRC              (abs)        000000
__CFG_HFOFST$OFF            (abs)        000000
__CFG_LVP$OFF               (abs)        000000
__CFG_PLLEN$OFF             (abs)        000000
__CFG_PWRTEN$OFF            (abs)        000000
__CFG_WDTEN$ON              (abs)        000000
__CFG_WDTPS$32768           (abs)        000000
__HRAM                      (abs)        000000
__Habs1                     abs1         000000
__Hbank0                    bank0        000000
__Hbank1                    bank1        000000
__Hbank2                    bank2        000000
__Hbigbss                   bigbss       000000
__Hbigdata                  bigdata      000000
__Hbigram                   bigram       000000
__Hbss                      bss          000000
__HbssCOMRAM                bssCOMRAM    000000
__Hcinit                    cinit        000000
__Hclrtext                  clrtext      000000
__Hcomram                   comram       000000
__Hconfig                   config       30000E
__Hconst                    const        000000
__HcstackBANK0              cstackBANK0  000000
__HcstackCOMRAM             cstackCOMRAM 000000
__Hdata                     data         000000
__HdataCOMRAM               dataCOMRAM   000000
__Heeprom_data              eeprom_data  000000
__Hfarbss                   farbss       000000
__Hfardata                  fardata      000000
__Hibigdata                 ibigdata     000000
__Hidata                    idata        000000
__HidataCOMRAM              idataCOMRAM  000000
__Hidloc                    idloc        200008
__Hifardata                 ifardata     000000
__Hinit                     init         0001CC
__Hintcode                  intcode      0001C8
__Hintcode_body             intcode_body 000000
__Hintcodelo                intcodelo    0001C8
__Hintentry                 intentry     000000
__Hintret                   intret       000000
__Hintsave_regs             intsave_regs 000000
__Hirdata                   irdata       000000
__Hmediumconst              mediumconst  000000
__HnvFARRAM                 nvFARRAM     000000
__Hnvbit                    nvbit        000000
__Hnvrram                   nvrram       000000
__Hparam                    rparam       000000
__Hpowerup                  powerup      0001C8
__Hram                      ram          000000
__Hramtop                   ramtop       000300
__Hrbit                     rbit         000000
__Hrbss                     rbss         000000
__Hrdata                    rdata        000000
__Hreset_vec                reset_vec    000004
__Hrparam                   rparam       000000
__Hsfr                      sfr          000000
__Hsmallconst               smallconst   000322
__Hspace_0                  (abs)        30000E
__Hspace_1                  (abs)        000064
__Hspace_2                  (abs)        000000
__Hstack                    stack        000000
__Hstruct                   struct       000000
__Htemp                     temp         00003C
__Htext                     text         000000
__Htext0                    text0        000000
__Htext1                    text1        000000
__Htext10                   text10       000000
__Htext11                   text11       000000
__Htext12                   text12       000000
__Htext13                   text13       000000
__Htext14                   text14       000000
__Htext15                   text15       000000
__Htext16                   text16       000000
__Htext17                   text17       000000
__Htext18                   text18       000000
__Htext2                    text2        000000
__Htext4                    text4        000000
__Htext5                    text5        000000
__Htext6                    text6        000000
__Htext7                    text7        000000
__Htext8                    text8        000000
__Htext9                    text9        000000
__LRAM                      (abs)        000001
__Labs1                     abs1         000000
__Lbank0                    bank0        000000
__Lbank1                    bank1        000000
__Lbank2                    bank2        000000
__Lbigbss                   bigbss       000000
__Lbigdata                  bigdata      000000
__Lbigram                   bigram       000000
__Lbss                      bss          000000
__LbssCOMRAM                bssCOMRAM    000000
__Lcinit                    cinit        000000
__Lclrtext                  clrtext      000000
__Lcomram                   comram       000000
__Lconfig                   config       300000
__Lconst                    const        000000
__LcstackBANK0              cstackBANK0  000000
__LcstackCOMRAM             cstackCOMRAM 000000
__Ldata                     data         000000
__LdataCOMRAM               dataCOMRAM   000000
__Leeprom_data              eeprom_data  000000
__Lfarbss                   farbss       000000
__Lfardata                  fardata      000000
__Libigdata                 ibigdata     000000
__Lidata                    idata        000000
__LidataCOMRAM              idataCOMRAM  000000
__Lidloc                    idloc        200000
__Lifardata                 ifardata     000000
__Linit                     init         0001C8
__Lintcode                  intcode      000008
__Lintcode_body             intcode_body 000000
__Lintcodelo                intcodelo    0001C8
__Lintentry                 intentry     000000
__Lintret                   intret       000000
__Lintsave_regs             intsave_regs 000000
__Lirdata                   irdata       000000
__Lmediumconst              mediumconst  000000
__LnvFARRAM                 nvFARRAM     000000
__Lnvbit                    nvbit        000000
__Lnvrram                   nvrram       000000
__Lparam                    rparam       000000
__Lpowerup                  powerup      0001C8
__Lram                      ram          000000
__Lramtop                   ramtop       000300
__Lrbit                     rbit         000000
__Lrbss                     rbss         000000
__Lrdata                    rdata        000000
__Lreset_vec                reset_vec    000000
__Lrparam                   rparam       000000
__Lsfr                      sfr          000000
__Lsmallconst               smallconst   000300
__Lspace_0                  (abs)        000000
__Lspace_1                  (abs)        000000
__Lspace_2                  (abs)        000000
__Lstack                    stack        000000
__Lstruct                   struct       000000
__Ltemp                     temp         00003B
__Ltext                     text         000000
__Ltext0                    text0        000000
__Ltext1                    text1        000000
__Ltext10                   text10       000000
__Ltext11                   text11       000000
__Ltext12                   text12       000000
__Ltext13                   text13       000000
__Ltext14                   text14       000000
__Ltext15                   text15       000000
__Ltext16                   text16       000000
__Ltext17                   text17       000000
__Ltext18                   text18       000000
__Ltext2                    text2        000000
__Ltext4                    text4        000000
__Ltext5                    text5        000000
__Ltext6                    text6        000000
__Ltext7                    text7        000000
__Ltext8                    text8        000000
__Ltext9                    text9        000000
__S0                        (abs)        30000E
__S1                        (abs)        000064
__S2                        (abs)        000000
___inthi_sp                 stack        000000
___intlo_sp                 stack        000000
___lldiv                    text17       000626
___lldiv@counter            cstackCOMRAM 00000D
___lldiv@dividend           cstackCOMRAM 000001
___lldiv@divisor            cstackCOMRAM 000005
___lldiv@quotient           cstackCOMRAM 000009
___llmod                    text16       0006A8
___llmod@counter            cstackCOMRAM 000009
___llmod@dividend           cstackCOMRAM 000001
___llmod@divisor            cstackCOMRAM 000005
___param_bank               (abs)        000000
___rparam_used              (abs)        000001
___sp                       stack        000000
__accesstop                 (abs)        000060
__activetblptr              (abs)        000002
__end_of_PACKET_KEY         smallconst   000309
__end_of___lldiv            text17       0006A8
__end_of___llmod            text16       00070E
__end_of__initialization    cinit        000846
__end_of_blink_patterns     smallconst   000321
__end_of_flush_serial       text12       0008D0
__end_of_get_stick          text6        0008D4
__end_of_get_timelapse      text7        0004E6
__end_of_handle_led         text15       00041E
__end_of_isr                intcode      0001C8
__end_of_main               text0        00075A
__end_of_powerup            text8        0007A4
__end_of_radio_off          text1        000876
__end_of_radio_on           text13       000592
__end_of_serial_off         text11       0008C4
__end_of_serial_on          text10       0008A8
__end_of_wait_timelapse     text9        000626
__end_of_write_radio        text2        0007E2
__end_of_write_serial       text5        0008B6
__end_ofi2_radio_off        text4        000896
__end_ofi2_write_radio      text14       00081C
__initialization            cinit        00081C
__mediumconst               mediumconst  000000
__pbssCOMRAM                bssCOMRAM    000025
__pcinit                    cinit        00081C
__pcstackBANK0              cstackBANK0  000060
__pcstackCOMRAM             cstackCOMRAM 000001
__pdataCOMRAM               dataCOMRAM   000038
__pidataCOMRAM              idataCOMRAM  0008D4
__pintcode                  intcode      000008
__psmallconst               smallconst   000300
__ptext0                    text0        00070E
__ptext1                    text1        000854
__ptext10                   text10       000896
__ptext11                   text11       0008B6
__ptext12                   text12       0008C4
__ptext13                   text13       0004E6
__ptext14                   text14       0007E2
__ptext15                   text15       000322
__ptext16                   text16       0006A8
__ptext17                   text17       000626
__ptext18                   text18       000000
__ptext2                    text2        0007A4
__ptext4                    text4        000876
__ptext5                    text5        0008A8
__ptext6                    text6        0008D0
__ptext7                    text7        00041E
__ptext8                    text8        00075A
__ptext9                    text9        000592
__ramtop                    ramtop       000300
__size_of___lldiv           (abs)        000000
__size_of___llmod           (abs)        000000
__size_of_flush_serial      (abs)        000000
__size_of_get_stick         (abs)        000000
__size_of_get_timelapse     (abs)        000000
__size_of_handle_led        (abs)        000000
__size_of_isr               (abs)        000000
__size_of_main              (abs)        000000
__size_of_powerup           (abs)        000000
__size_of_radio_off         (abs)        000000
__size_of_radio_on          (abs)        000000
__size_of_serial_off        (abs)        000000
__size_of_serial_on         (abs)        000000
__size_of_wait_timelapse    (abs)        000000
__size_of_write_radio       (abs)        000000
__size_of_write_serial      (abs)        000000
__size_ofi2_radio_off       (abs)        000000
__size_ofi2_write_radio     (abs)        000000
__smallconst                smallconst   000300
_adc_accum                  bssCOMRAM    000029
_adc_count                  bssCOMRAM    000025
_adc_state                  dataCOMRAM   000038
_blink_counter              bssCOMRAM    000035
_blink_offset               bssCOMRAM    000036
_blink_patterns             smallconst   000309
_flags                      bssCOMRAM    000037
_flush_serial               text12       0008C4
_get_stick                  text6        0008D0
_get_timelapse              text7        00041E
_handle_led                 text15       000322
_isr                        intcode      000008
_main                       text0        00070E
_powerup                    text8        00075A
_prev_tick                  bssCOMRAM    00002D
_radio_off                  text1        000854
_radio_on                   text13       0004E6
_serial_off                 text11       0008B6
_serial_on                  text10       000896
_tick                       bssCOMRAM    000031
_timelapse_mode             dataCOMRAM   00003A
_wait_timelapse             text9        000592
_write_radio                text2        0007A4
_write_serial               text5        0008A8
btemp                       temp         00003B
end_of_initialization       cinit        000846
get_timelapse@blink_pattern cstackCOMRAM 00000E
get_timelapse@value         cstackCOMRAM 000010
handle_led@blink_pattern    cstackCOMRAM 00000C
i2_radio_off                text4        000876
i2_write_radio              text14       0007E2
i2write_radio@data          cstackCOMRAM 000001
i2write_radio@i             cstackCOMRAM 000004
int$flags                   temp         00003B
intlevel0                   text         000000
intlevel1                   text         000000
intlevel2                   text         000000
intlevel3                   text         000000
isr@adc_value               cstackCOMRAM 000024
isr@i                       cstackCOMRAM 000023
stackhi                     (abs)        0002FF
stacklo                     (abs)        000064
start                       init         0001C8
start_initialization        cinit        00081C
wait_timelapse@value        cstackCOMRAM 00000E
write_radio@data            cstackBANK0  000060
write_radio@i               cstackBANK0  000063
write_serial@value          cstackCOMRAM 000001
wtemp6                      temp         00003C


FUNCTION INFORMATION:

 *************** function _main *****************
 Defined at:
		line 462 in file "cam.c"
 Parameters:    Size  Location     Type
		None
 Auto vars:     Size  Location     Type
		None
 Return value:  Size  Location     Type
                  1    wreg      void 
 Registers used:
		wreg, status,2, status,0, cstack
 Tracked objects:
		On entry : 
		On exit  : 
		Unchanged: 
 Data sizes:     COMRAM   BANK0   BANK1   BANK2
      Params:         0       0       0       0
      Locals:         0       0       0       0
      Temps:          0       0       0       0
      Totals:         0       0       0       0
Total ram usage:        0 bytes
 Hardware stack levels required when called:    5
 This function calls:
		_radio_off
 This function is called by:
		Startup code after reset
 This function uses a non-reentrant model


 *************** function _radio_off *****************
 Defined at:
		line 333 in file "cam.c"
 Parameters:    Size  Location     Type
		None
 Auto vars:     Size  Location     Type
		None
 Return value:  Size  Location     Type
                  1    wreg      void 
 Registers used:
		wreg, status,2, status,0, cstack
 Tracked objects:
		On entry : 
		On exit  : 
		Unchanged: 
 Data sizes:     COMRAM   BANK0   BANK1   BANK2
      Params:         0       0       0       0
      Locals:         0       0       0       0
      Temps:          0       0       0       0
      Totals:         0       0       0       0
Total ram usage:        0 bytes
 Hardware stack levels used:    1
 Hardware stack levels required when called:    4
 This function calls:
		_write_radio
 This function is called by:
		_main
 This function uses a non-reentrant model


 *************** function _write_radio *****************
 Defined at:
		line 272 in file "cam.c"
 Parameters:    Size  Location     Type
  data            2    0[BANK0 ] unsigned int 
 Auto vars:     Size  Location     Type
  i               1    3[BANK0 ] unsigned char 
 Return value:  Size  Location     Type
                  1    wreg      void 
 Registers used:
		wreg, status,2, status,0
 Tracked objects:
		On entry : 
		On exit  : 
		Unchanged: 
 Data sizes:     COMRAM   BANK0   BANK1   BANK2
      Params:         0       2       0       0
      Locals:         0       1       0       0
      Temps:          0       1       0       0
      Totals:         0       4       0       0
Total ram usage:        4 bytes
 Hardware stack levels used:    1
 Hardware stack levels required when called:    3
 This function calls:
		Nothing
 This function is called by:
		_radio_off
 This function uses a non-reentrant model


 *************** function _isr *****************
 Defined at:
		line 506 in file "cam.c"
 Parameters:    Size  Location     Type
		None
 Auto vars:     Size  Location     Type
  adc_value       1   35[COMRAM] unsigned char 
  i               1   34[COMRAM] unsigned char 
 Return value:  Size  Location     Type
                  1    wreg      void 
 Registers used:
		wreg, status,2, status,0, pclath, tosl, tblptrl, tblptrh, tblptru, prodl, prodh, cstack
 Tracked objects:
		On entry : 
		On exit  : 
		Unchanged: 
 Data sizes:     COMRAM   BANK0   BANK1   BANK2
      Params:         0       0       0       0
      Locals:         2       0       0       0
      Temps:         18       0       0       0
      Totals:        20       0       0       0
Total ram usage:       20 bytes
 Hardware stack levels used:    1
 Hardware stack levels required when called:    2
 This function calls:
		___lldiv
		_get_stick
		_get_timelapse
		_handle_led
		_powerup
		_radio_on
		_serial_off
		_serial_on
		_wait_timelapse
		_write_serial
		i2_radio_off
 This function is called by:
		Interrupt level 2
 This function uses a non-reentrant model


 *************** function i2_radio_off *****************
 Defined at:
		line 333 in file "cam.c"
 Parameters:    Size  Location     Type
		None
 Auto vars:     Size  Location     Type
		None
 Return value:  Size  Location     Type
                  1    wreg      void 
 Registers used:
		wreg, status,2, status,0, cstack
 Tracked objects:
		On entry : 
		On exit  : 
		Unchanged: 
 Data sizes:     COMRAM   BANK0   BANK1   BANK2
      Params:         0       0       0       0
      Locals:         0       0       0       0
      Temps:          0       0       0       0
      Totals:         0       0       0       0
Total ram usage:        0 bytes
 Hardware stack levels used:    1
 Hardware stack levels required when called:    1
 This function calls:
		i2_write_radio
 This function is called by:
		_isr
 This function uses a non-reentrant model


 *************** function _write_serial *****************
 Defined at:
		line 382 in file "cam.c"
 Parameters:    Size  Location     Type
  value           1    wreg     unsigned char 
 Auto vars:     Size  Location     Type
  value           1    0[COMRAM] unsigned char 
 Return value:  Size  Location     Type
                  1    wreg      void 
 Registers used:
		wreg
 Tracked objects:
		On entry : 
		On exit  : 
		Unchanged: 
 Data sizes:     COMRAM   BANK0   BANK1   BANK2
      Params:         0       0       0       0
      Locals:         1       0       0       0
      Temps:          0       0       0       0
      Totals:         1       0       0       0
Total ram usage:        1 bytes
 Hardware stack levels used:    1
 This function calls:
		Nothing
 This function is called by:
		_isr
 This function uses a non-reentrant model


 *************** function _get_stick *****************
 Defined at:
		line 394 in file "cam.c"
 Parameters:    Size  Location     Type
		None
 Auto vars:     Size  Location     Type
		None
 Return value:  Size  Location     Type
                  1    wreg      void 
 Registers used:
		None
 Tracked objects:
		On entry : 
		On exit  : 
		Unchanged: 
 Data sizes:     COMRAM   BANK0   BANK1   BANK2
      Params:         0       0       0       0
      Locals:         0       0       0       0
      Temps:          0       0       0       0
      Totals:         0       0       0       0
Total ram usage:        0 bytes
 Hardware stack levels used:    1
 This function calls:
		Nothing
 This function is called by:
		_wait_timelapse
		_isr
 This function uses a non-reentrant model


 *************** function _get_timelapse *****************
 Defined at:
		line 419 in file "cam.c"
 Parameters:    Size  Location     Type
		None
 Auto vars:     Size  Location     Type
  blink_patter    2   13[COMRAM] PTR const unsigned char 
		 -> blink_patterns(24), 
  value           1   15[COMRAM] unsigned char 
 Return value:  Size  Location     Type
                  1    wreg      void 
 Registers used:
		wreg, status,2, status,0, tblptrl, tblptrh, tblptru, prodl, prodh, cstack
 Tracked objects:
		On entry : 
		On exit  : 
		Unchanged: 
 Data sizes:     COMRAM   BANK0   BANK1   BANK2
      Params:         0       0       0       0
      Locals:         3       0       0       0
      Temps:          0       0       0       0
      Totals:         3       0       0       0
Total ram usage:        3 bytes
 Hardware stack levels used:    1
 Hardware stack levels required when called:    1
 This function calls:
		___lldiv
 This function is called by:
		_handle_led
		_powerup
		_isr
 This function uses a non-reentrant model


 *************** function _powerup *****************
 Defined at:
		line 450 in file "cam.c"
 Parameters:    Size  Location     Type
		None
 Auto vars:     Size  Location     Type
		None
 Return value:  Size  Location     Type
                  1    wreg      void 
 Registers used:
		wreg, status,2, status,0
 Tracked objects:
		On entry : 
		On exit  : 
		Unchanged: 
 Data sizes:     COMRAM   BANK0   BANK1   BANK2
      Params:         0       0       0       0
      Locals:         0       0       0       0
      Temps:          0       0       0       0
      Totals:         0       0       0       0
Total ram usage:        0 bytes
 Hardware stack levels used:    1
 This function calls:
		Nothing
 This function is called by:
		_handle_led
		_isr
 This function uses a non-reentrant model


 *************** function _wait_timelapse *****************
 Defined at:
		line 400 in file "cam.c"
 Parameters:    Size  Location     Type
		None
 Auto vars:     Size  Location     Type
  value           1   13[COMRAM] unsigned char 
 Return value:  Size  Location     Type
                  1    wreg      void 
 Registers used:
		wreg, status,2, status,0, cstack
 Tracked objects:
		On entry : 
		On exit  : 
		Unchanged: 
 Data sizes:     COMRAM   BANK0   BANK1   BANK2
      Params:         0       0       0       0
      Locals:         1       0       0       0
      Temps:          0       0       0       0
      Totals:         1       0       0       0
Total ram usage:        1 bytes
 Hardware stack levels used:    1
 Hardware stack levels required when called:    1
 This function calls:
		___lldiv
 This function is called by:
		_get_timelapse
		_isr
 This function uses a non-reentrant model


 *************** function _serial_on *****************
 Defined at:
		line 352 in file "cam.c"
 Parameters:    Size  Location     Type
		None
 Auto vars:     Size  Location     Type
		None
 Return value:  Size  Location     Type
                  1    wreg      void 
 Registers used:
		wreg, status,2
 Tracked objects:
		On entry : 
		On exit  : 
		Unchanged: 
 Data sizes:     COMRAM   BANK0   BANK1   BANK2
      Params:         0       0       0       0
      Locals:         0       0       0       0
      Temps:          0       0       0       0
      Totals:         0       0       0       0
Total ram usage:        0 bytes
 Hardware stack levels used:    1
 This function calls:
		Nothing
 This function is called by:
		_isr
 This function uses a non-reentrant model


 *************** function _serial_off *****************
 Defined at:
		line 374 in file "cam.c"
 Parameters:    Size  Location     Type
		None
 Auto vars:     Size  Location     Type
		None
 Return value:  Size  Location     Type
                  1    wreg      void 
 Registers used:
		wreg, status,2, cstack
 Tracked objects:
		On entry : 
		On exit  : 
		Unchanged: 
 Data sizes:     COMRAM   BANK0   BANK1   BANK2
      Params:         0       0       0       0
      Locals:         0       0       0       0
      Temps:          0       0       0       0
      Totals:         0       0       0       0
Total ram usage:        0 bytes
 Hardware stack levels used:    1
 Hardware stack levels required when called:    1
 This function calls:
		_flush_serial
 This function is called by:
		_isr
 This function uses a non-reentrant model


 *************** function _flush_serial *****************
 Defined at:
		line 362 in file "cam.c"
 Parameters:    Size  Location     Type
		None
 Auto vars:     Size  Location     Type
		None
 Return value:  Size  Location     Type
                  1    wreg      void 
 Registers used:
		None
 Tracked objects:
		On entry : 
		On exit  : 
		Unchanged: 
 Data sizes:     COMRAM   BANK0   BANK1   BANK2
      Params:         0       0       0       0
      Locals:         0       0       0       0
      Temps:          0       0       0       0
      Totals:         0       0       0       0
Total ram usage:        0 bytes
 Hardware stack levels used:    1
 This function calls:
		Nothing
 This function is called by:
		_serial_off
 This function uses a non-reentrant model


 *************** function _radio_on *****************
 Defined at:
		line 288 in file "cam.c"
 Parameters:    Size  Location     Type
		None
 Auto vars:     Size  Location     Type
		None
 Return value:  Size  Location     Type
                  1    wreg      void 
 Registers used:
		wreg, status,2, status,0, cstack
 Tracked objects:
		On entry : 
		On exit  : 
		Unchanged: 
 Data sizes:     COMRAM   BANK0   BANK1   BANK2
      Params:         0       0       0       0
      Locals:         0       0       0       0
      Temps:          0       0       0       0
      Totals:         0       0       0       0
Total ram usage:        0 bytes
 Hardware stack levels used:    1
 Hardware stack levels required when called:    1
 This function calls:
		i2_write_radio
 This function is called by:
		_isr
 This function uses a non-reentrant model


 *************** function i2_write_radio *****************
 Defined at:
		line 272 in file "cam.c"
 Parameters:    Size  Location     Type
  data            2    0[COMRAM] unsigned int 
 Auto vars:     Size  Location     Type
  write_radio     1    3[COMRAM] unsigned char 
 Return value:  Size  Location     Type
                  1    wreg      void 
 Registers used:
		wreg, status,2, status,0
 Tracked objects:
		On entry : 
		On exit  : 
		Unchanged: 
 Data sizes:     COMRAM   BANK0   BANK1   BANK2
      Params:         2       0       0       0
      Locals:         1       0       0       0
      Temps:          1       0       0       0
      Totals:         4       0       0       0
Total ram usage:        4 bytes
 Hardware stack levels used:    1
 This function calls:
		Nothing
 This function is called by:
		_radio_on
		i2_radio_off
 This function uses a non-reentrant model


 *************** function _handle_led *****************
 Defined at:
		line 224 in file "cam.c"
 Parameters:    Size  Location     Type
		None
 Auto vars:     Size  Location     Type
  blink_patter    2   11[COMRAM] PTR const unsigned char 
		 -> blink_patterns(24), 
 Return value:  Size  Location     Type
                  1    wreg      void 
 Registers used:
		wreg, status,2, status,0, tblptrl, tblptrh, tblptru, prodl, prodh, cstack
 Tracked objects:
		On entry : 
		On exit  : 
		Unchanged: 
 Data sizes:     COMRAM   BANK0   BANK1   BANK2
      Params:         0       0       0       0
      Locals:         2       0       0       0
      Temps:          2       0       0       0
      Totals:         4       0       0       0
Total ram usage:        4 bytes
 Hardware stack levels used:    1
 Hardware stack levels required when called:    1
 This function calls:
		___llmod
 This function is called by:
		_isr
 This function uses a non-reentrant model


 *************** function ___llmod *****************
 Defined at:
		line 8 in file "/opt/microchip/xc8/v1.45/sources/common/llmod.c"
 Parameters:    Size  Location     Type
  dividend        4    0[COMRAM] unsigned long 
  divisor         4    4[COMRAM] unsigned long 
 Auto vars:     Size  Location     Type
  counter         1    8[COMRAM] unsigned char 
 Return value:  Size  Location     Type
                  4    0[COMRAM] unsigned long 
 Registers used:
		wreg, status,2, status,0
 Tracked objects:
		On entry : 
		On exit  : 
		Unchanged: 
 Data sizes:     COMRAM   BANK0   BANK1   BANK2
      Params:         8       0       0       0
      Locals:         1       0       0       0
      Temps:          0       0       0       0
      Totals:         9       0       0       0
Total ram usage:        9 bytes
 Hardware stack levels used:    1
 This function calls:
		Nothing
 This function is called by:
		_handle_led
 This function uses a non-reentrant model


 *************** function ___lldiv *****************
 Defined at:
		line 8 in file "/opt/microchip/xc8/v1.45/sources/common/lldiv.c"
 Parameters:    Size  Location     Type
  dividend        4    0[COMRAM] unsigned long 
  divisor         4    4[COMRAM] unsigned long 
 Auto vars:     Size  Location     Type
  quotient        4    8[COMRAM] unsigned long 
  counter         1   12[COMRAM] unsigned char 
 Return value:  Size  Location     Type
                  4    0[COMRAM] unsigned long 
 Registers used:
		wreg, status,2, status,0
 Tracked objects:
		On entry : 
		On exit  : 
		Unchanged: 
 Data sizes:     COMRAM   BANK0   BANK1   BANK2
      Params:         8       0       0       0
      Locals:         5       0       0       0
      Temps:          0       0       0       0
      Totals:        13       0       0       0
Total ram usage:       13 bytes
 Hardware stack levels used:    1
 This function calls:
		Nothing
 This function is called by:
		_wait_timelapse
		_get_timelapse
		_isr
 This function uses a non-reentrant model



MODULE INFORMATION

Module		Function		Class		Link	Load	Size
cam.c
		_flush_serial  		CODE           	08C4	0000	13
		_handle_led    		CODE           	0322	0000	253
		_main          		CODE           	070E	0000	77
		_powerup       		CODE           	075A	0000	75
		_get_stick     		CODE           	08D0	0000	5
		_write_serial  		CODE           	08A8	0000	15
		_isr           		CODE           	0008	0000	449
		_serial_on     		CODE           	0896	0000	19
		_serial_off    		CODE           	08B6	0000	15
		_wait_timelapse		CODE           	0592	0000	149
		_get_timelapse 		CODE           	041E	0000	201
		_write_radio   		CODE           	07A4	0000	63
		_radio_on      		CODE           	04E6	0000	173
		_radio_off     		CODE           	0854	0000	35

cam.c estimated size: 1542

/opt/microchip/xc8/v1.45/sources/common/llmod.c
		___llmod       		CODE           	06A8	0000	103

/opt/microchip/xc8/v1.45/sources/common/llmod.c estimated size: 103

shared
		i2_write_radio 		CODE           	07E2	0000	59
		__initialization		CODE           	081C	0000	43
		i2_radio_off   		CODE           	0876	0000	33
		_PACKET_KEY    		SMALLCONST     	0301	0000	9
		_blink_patterns		SMALLCONST     	0309	0000	25

shared estimated size: 169

/opt/microchip/xc8/v1.45/sources/common/lldiv.c
		___lldiv       		CODE           	0626	0000	131

/opt/microchip/xc8/v1.45/sources/common/lldiv.c estimated size: 131

